[templates.iqonic.design/calendify/html/backend/index.html]
[backblue.gif]
[fade.gif]
[index.html]
[templates.iqonic.design/calendify/html/assets/css/backend.minf700.css]
[templates.iqonic.design/calendify/html/assets/vendor/@fortawesome/fontawesome-free/css/all.min.css]
[templates.iqonic.design/calendify/html/assets/vendor/line-awesome/dist/line-awesome/css/line-awesome.min.css]
[templates.iqonic.design/calendify/html/assets/vendor/remixicon/fonts/remixicon.css]
[templates.iqonic.design/calendify/html/assets/images/logo.png]
[templates.iqonic.design/calendify/html/assets/images/logo-white.png]
[templates.iqonic.design/calendify/html/backend/main-my-schedule.html]
[templates.iqonic.design/calendify/html/backend/main-integration.html]
[templates.iqonic.design/calendify/html/backend/ui-avatars.html]
[templates.iqonic.design/calendify/html/backend/ui-alerts.html]
[templates.iqonic.design/calendify/html/backend/ui-badges.html]
[templates.iqonic.design/calendify/html/backend/ui-breadcrumb.html]
[templates.iqonic.design/calendify/html/backend/ui-buttons.html]
[templates.iqonic.design/calendify/html/backend/ui-buttons-group.html]
[templates.iqonic.design/calendify/html/backend/ui-boxshadow.html]
[templates.iqonic.design/calendify/html/backend/ui-colors.html]
[templates.iqonic.design/calendify/html/backend/ui-cards.html]
[templates.iqonic.design/calendify/html/backend/ui-carousel.html]
[templates.iqonic.design/calendify/html/backend/ui-grid.html]
[templates.iqonic.design/calendify/html/backend/ui-helper-classes.html]
[templates.iqonic.design/calendify/html/backend/ui-images.html]
[templates.iqonic.design/calendify/html/backend/ui-list-group.html]
[templates.iqonic.design/calendify/html/backend/ui-media-object.html]
[templates.iqonic.design/calendify/html/backend/ui-modal.html]
[templates.iqonic.design/calendify/html/backend/ui-notifications.html]
[templates.iqonic.design/calendify/html/backend/ui-pagination.html]
[templates.iqonic.design/calendify/html/backend/ui-popovers.html]
[templates.iqonic.design/calendify/html/backend/ui-progressbars.html]
[templates.iqonic.design/calendify/html/backend/ui-typography.html]
[templates.iqonic.design/calendify/html/backend/ui-tabs.html]
[templates.iqonic.design/calendify/html/backend/ui-tooltips.html]
[templates.iqonic.design/calendify/html/backend/ui-embed-video.html]
[templates.iqonic.design/calendify/html/backend/auth-sign-in.html]
[templates.iqonic.design/calendify/html/backend/auth-sign-up.html]
[templates.iqonic.design/calendify/html/backend/auth-recoverpw.html]
[templates.iqonic.design/calendify/html/backend/auth-confirm-mail.html]
[templates.iqonic.design/calendify/html/backend/auth-lock-screen.html]
[templates.iqonic.design/calendify/html/backend/contact-list.html]
[templates.iqonic.design/calendify/html/backend/contact-detail.html]
[templates.iqonic.design/calendify/html/backend/timeline.html]
[templates.iqonic.design/calendify/html/backend/timeline-1.html]
[templates.iqonic.design/calendify/html/backend/timeline-2.html]
[templates.iqonic.design/calendify/html/backend/timeline-3.html]
[templates.iqonic.design/calendify/html/backend/pricing.html]
[templates.iqonic.design/calendify/html/backend/pricing-1.html]
[templates.iqonic.design/calendify/html/backend/pricing-2.html]
[templates.iqonic.design/calendify/html/backend/pricing-3.html]
[templates.iqonic.design/calendify/html/backend/pages-error.html]
[templates.iqonic.design/calendify/html/backend/pages-error-500.html]
[templates.iqonic.design/calendify/html/backend/pages-invoice.html]
[templates.iqonic.design/calendify/html/backend/pages-subscribers.html]
[templates.iqonic.design/calendify/html/backend/pages-faq.html]
[templates.iqonic.design/calendify/html/backend/pages-blank-page.html]
[templates.iqonic.design/calendify/html/backend/pages-maintenance.html]
[templates.iqonic.design/calendify/html/backend/pages-comingsoon.html]
[templates.iqonic.design/calendify/html/assets/images/user/u-1.jpg]
[templates.iqonic.design/calendify/html/assets/images/user/u-2.jpg]
[templates.iqonic.design/calendify/html/assets/images/user/u-3.jpg]
[templates.iqonic.design/calendify/html/assets/images/user/01.jpg]
[templates.iqonic.design/calendify/html/backend/page-calendar-connections.html]
[templates.iqonic.design/calendify/html/backend/page-users.html]
[templates.iqonic.design/calendify/html/backend/privacy-policy.html]
[templates.iqonic.design/calendify/html/backend/page-new-event.html]
[templates.iqonic.design/calendify/html/backend/page-workflow.html]
[templates.iqonic.design/calendify/html/backend/terms-of-service.html]
[templates.iqonic.design/calendify/html/assets/js/backend-bundle.min.js]
[templates.iqonic.design/calendify/html/assets/js/customizer.js]
[templates.iqonic.design/calendify/html/assets/js/app.js]
[templates.iqonic.design/calendify/html/backend/index.html]
[templates.iqonic.design/calendify/html/assets/images/loader.gif]
[templates.iqonic.design/calendify/html/assets/images/dark-loader.gif]
[templates.iqonic.design/calendify/html/assets/images/sort_both.png]
[templates.iqonic.design/calendify/html/assets/images/sort_asc.png]
[templates.iqonic.design/calendify/html/assets/images/sort_desc.png]
[templates.iqonic.design/calendify/html/assets/images/sort_asc_disabled.png]
[templates.iqonic.design/calendify/html/assets/images/sort_desc_disabled.png]
[templates.iqonic.design/calendify/html/assets/css/backend.minf700.css]
[templates.iqonic.design/calendify/html/assets/vendor/@fortawesome/fontawesome-free/css/all.min.css]
[templates.iqonic.design/calendify/html/assets/vendor/line-awesome/dist/line-awesome/css/line-awesome.min.css]
[templates.iqonic.design/calendify/html/assets/vendor/remixicon/fonts/remixicondf6d.eot]
[templates.iqonic.design/calendify/html/assets/vendor/remixicon/fonts/remixicondf6d.woff2]
[templates.iqonic.design/calendify/html/assets/vendor/remixicon/fonts/remixicondf6d.woff]
[templates.iqonic.design/calendify/html/assets/vendor/remixicon/fonts/remixicondf6d.ttf]
[templates.iqonic.design/calendify/html/assets/vendor/remixicon/fonts/remixicon.css]
[templates.iqonic.design/calendify/html/assets/vendor/fullcalendar/core/main.css]
[templates.iqonic.design/calendify/html/assets/vendor/remixicon/fonts/remixicondf6d.svg]
[templates.iqonic.design/calendify/html/assets/vendor/fullcalendar/daygrid/main.css]
[templates.iqonic.design/calendify/html/assets/vendor/fullcalendar/timegrid/main.css]
[templates.iqonic.design/calendify/html/assets/vendor/fullcalendar/list/main.css]
[templates.iqonic.design/calendify/html/assets/vendor/fullcalendar/core/main.js]
[templates.iqonic.design/calendify/html/assets/vendor/fullcalendar/daygrid/main.js]
[templates.iqonic.design/calendify/html/assets/vendor/fullcalendar/timegrid/main.js]
[templates.iqonic.design/calendify/html/assets/vendor/fullcalendar/list/main.js]
[templates.iqonic.design/calendify/html/backend/main-my-schedule.html]
[templates.iqonic.design/calendify/html/assets/vendor/fullcalendar/interaction/main.js]
[templates.iqonic.design/calendify/html/backend/main-integration.html]
[templates.iqonic.design/calendify/html/assets/images/user/1.jpg]
[templates.iqonic.design/calendify/html/assets/images/user/i1.jpg]
[templates.iqonic.design/calendify/html/assets/images/user/05.jpg]
[templates.iqonic.design/calendify/html/assets/images/user/06.jpg]
[templates.iqonic.design/calendify/html/assets/images/user/07.jpg]
[templates.iqonic.design/calendify/html/backend/ui-avatars.html]
[templates.iqonic.design/calendify/html/backend/ui-alerts.html]
[templates.iqonic.design/calendify/html/backend/ui-badges.html]
[templates.iqonic.design/calendify/html/backend/ui-breadcrumb.html]
[templates.iqonic.design/calendify/html/backend/ui-buttons.html]
[templates.iqonic.design/calendify/html/backend/ui-buttons-group.html]
[templates.iqonic.design/calendify/html/backend/ui-boxshadow.html]
[templates.iqonic.design/calendify/html/backend/ui-colors.html]
[templates.iqonic.design/calendify/html/assets/images/page-img/07.jpg]
[templates.iqonic.design/calendify/html/assets/images/page-img/08.jpg]
[templates.iqonic.design/calendify/html/assets/images/page-img/09.jpg]
[templates.iqonic.design/calendify/html/backend/ui-cards.html]
[templates.iqonic.design/calendify/html/assets/images/small/img-1.jpg]
[templates.iqonic.design/calendify/html/backend/ui-carousel.html]
[templates.iqonic.design/calendify/html/backend/ui-grid.html]
[templates.iqonic.design/calendify/html/backend/ui-helper-classes.html]
[templates.iqonic.design/calendify/html/assets/images/page-img/15.jpg]
[templates.iqonic.design/calendify/html/assets/images/page-img/16.jpg]
[templates.iqonic.design/calendify/html/assets/images/page-img/17.jpg]
[templates.iqonic.design/calendify/html/assets/images/page-img/18.jpg]
[templates.iqonic.design/calendify/html/assets/images/page-img/19.jpg]
[templates.iqonic.design/calendify/html/assets/images/page-img/20.jpg]
[templates.iqonic.design/calendify/html/assets/images/page-img/10.jpg]
[templates.iqonic.design/calendify/html/assets/images/page-img/11.jpg]
[templates.iqonic.design/calendify/html/assets/images/page-img/12.jpg]
[templates.iqonic.design/calendify/html/assets/images/page-img/13.jpg]
[templates.iqonic.design/calendify/html/assets/images/page-img/14.jpg]
[templates.iqonic.design/calendify/html/assets/images/page-img/21.jpg]
[templates.iqonic.design/calendify/html/assets/images/page-img/22.jpg]
[templates.iqonic.design/calendify/html/assets/images/page-img/23.jpg]
[templates.iqonic.design/calendify/html/assets/images/page-img/24.jpg]
[templates.iqonic.design/calendify/html/backend/ui-images.html]
[templates.iqonic.design/calendify/html/backend/ui-list-group.html]
[templates.iqonic.design/calendify/html/backend/ui-media-object.html]
[templates.iqonic.design/calendify/html/backend/ui-modal.html]
[templates.iqonic.design/calendify/html/backend/ui-notifications.html]
[templates.iqonic.design/calendify/html/backend/ui-pagination.html]
[templates.iqonic.design/calendify/html/backend/ui-popovers.html]
[templates.iqonic.design/calendify/html/backend/ui-progressbars.html]
[templates.iqonic.design/calendify/html/backend/ui-typography.html]
[templates.iqonic.design/calendify/html/backend/ui-tabs.html]
[templates.iqonic.design/calendify/html/backend/ui-tooltips.html]
[templates.iqonic.design/calendify/html/backend/ui-embed-video.html]
[templates.iqonic.design/calendify/html/backend/auth-sign-in.html]
[templates.iqonic.design/calendify/html/backend/auth-sign-up.html]
[templates.iqonic.design/calendify/html/backend/auth-recoverpw.html]
[templates.iqonic.design/calendify/html/backend/auth-confirm-mail.html]
[templates.iqonic.design/calendify/html/backend/auth-lock-screen.html]
[templates.iqonic.design/calendify/html/assets/images/user/02.jpg]
[templates.iqonic.design/calendify/html/assets/images/user/03.jpg]
[templates.iqonic.design/calendify/html/assets/images/user/04.jpg]
[templates.iqonic.design/calendify/html/assets/images/user/08.jpg]
[templates.iqonic.design/calendify/html/assets/images/user/09.jpg]
[templates.iqonic.design/calendify/html/assets/images/user/10.jpg]
[templates.iqonic.design/calendify/html/backend/contact-list.html]
[templates.iqonic.design/calendify/html/assets/images/user/12.jpg]
[templates.iqonic.design/calendify/html/backend/contact-detail.html]
[templates.iqonic.design/calendify/html/backend/timeline.html]
[templates.iqonic.design/calendify/html/backend/timeline-1.html]
[templates.iqonic.design/calendify/html/backend/timeline-2.html]
[templates.iqonic.design/calendify/html/backend/timeline-3.html]
[templates.iqonic.design/calendify/html/backend/pricing.html]
[templates.iqonic.design/calendify/html/backend/pricing-1.html]
[templates.iqonic.design/calendify/html/backend/pricing-2.html]
[templates.iqonic.design/calendify/html/backend/pricing-3.html]
[templates.iqonic.design/calendify/html/assets/images/error/404.png]
[templates.iqonic.design/calendify/html/backend/pages-error.html]
[templates.iqonic.design/calendify/html/assets/images/error/500.png]
[templates.iqonic.design/calendify/html/backend/pages-error-500.html]
[templates.iqonic.design/calendify/html/backend/pages-invoice.html]
[templates.iqonic.design/calendify/html/backend/pages-subscribers.html]
[templates.iqonic.design/calendify/html/backend/pages-faq.html]
[templates.iqonic.design/calendify/html/backend/pages-blank-page.html]
[templates.iqonic.design/calendify/html/assets/images/error/02.png]
[templates.iqonic.design/calendify/html/backend/pages-maintenance.html]
[templates.iqonic.design/calendify/html/assets/js/countdown.js]
[templates.iqonic.design/calendify/html/backend/pages-comingsoon.html]
[templates.iqonic.design/calendify/html/backend/page-calendar-connections.html]
[templates.iqonic.design/calendify/html/backend/page-users.html]
[templates.iqonic.design/calendify/html/backend/privacy-policy.html]
[templates.iqonic.design/calendify/html/backend/page-new-event.html]
[templates.iqonic.design/calendify/html/backend/page-add-event.html]
[templates.iqonic.design/calendify/html/backend/page-workflow.html]
[templates.iqonic.design/calendify/html/backend/terms-of-service.html]
[templates.iqonic.design/calendify/html/backend/indexeef8.html]
[templates.iqonic.design/calendify/html/assets/vendor/remixicon/fonts/remixicondf6d.svg]
[templates.iqonic.design/calendify/html/assets/vendor/fullcalendar/core/main.css]
[templates.iqonic.design/calendify/html/assets/vendor/fullcalendar/daygrid/main.css]
[templates.iqonic.design/calendify/html/assets/vendor/fullcalendar/timegrid/main.css]
[templates.iqonic.design/calendify/html/assets/vendor/fullcalendar/list/main.css]
[templates.iqonic.design/calendify/html/backend/page-add-event.html]
[templates.iqonic.design/calendify/html/backend/indexeef8.html]
